# serializer version: 1
# name: test_diagnostics
  dict({
    'devices': list([
      dict({
        'auto_shutdown': '02:00:00',
        'device_id': '**REDACTED**',
        'device_key': '**REDACTED**',
        'device_state': dict({
          '__type': "<enum 'DeviceState'>",
          'repr': "<DeviceState.ON: ('01', 'on')>",
        }),
        'device_type': dict({
          '__type': "<enum 'DeviceType'>",
          'repr': "<DeviceType.V4: ('Switcher V4', '0317', 1, <DeviceCategory.WATER_HEATER: 1>, False)>",
        }),
        'electric_current': 12.8,
        'ip_address': '**REDACTED**',
        'last_data_update': '2022-09-28T16:42:12.706017',
        'mac_address': '**REDACTED**',
        'name': 'Heater FE12',
        'power_consumption': 2780,
        'remaining_time': '01:29:32',
        'token_needed': False,
      }),
    ]),
    'entry': dict({
      'data': dict({
      }),
      'disabled_by': None,
      'discovery_keys': dict({
      }),
      'domain': 'switcher_kis',
      'entry_id': '01K8K1GVZQW5RF1SMCEF1D55NE',
      'minor_version': 1,
      'options': dict({
      }),
      'pref_disable_new_entities': False,
      'pref_disable_polling': False,
      'source': 'user',
      'subentries': list([
      ]),
      'title': 'Mock Title',
      'unique_id': 'switcher_kis',
      'version': 1,
    }),
  })
# ---
