# serializer version: 1
# name: test_statistics_issues
  dict({
    'sensor.statistics_issues_issue_1': list([
      dict({
        'data': dict({
          'metadata_unit': 'm³',
          'metadata_unit_class': 'volume',
          'state_unit': 'W',
          'state_unit_class': 'power',
          'statistic_id': 'sensor.statistics_issues_issue_1',
          'supported_unit': 'CCF, L, MCF, fl. oz., ft³, gal, mL, m³',
        }),
        'type': 'units_changed',
      }),
    ]),
    'sensor.statistics_issues_issue_2': list([
      dict({
        'data': dict({
          'metadata_unit': 'cats',
          'metadata_unit_class': None,
          'state_unit': 'dogs',
          'state_unit_class': None,
          'statistic_id': 'sensor.statistics_issues_issue_2',
          'supported_unit': 'cats',
        }),
        'type': 'units_changed',
      }),
    ]),
    'sensor.statistics_issues_issue_3': list([
      dict({
        'data': dict({
          'statistic_id': 'sensor.statistics_issues_issue_3',
        }),
        'type': 'state_class_removed',
      }),
      dict({
        'data': dict({
          'metadata_unit': 'm³',
          'metadata_unit_class': 'volume',
          'state_unit': 'W',
          'state_unit_class': 'power',
          'statistic_id': 'sensor.statistics_issues_issue_3',
          'supported_unit': 'CCF, L, MCF, fl. oz., ft³, gal, mL, m³',
        }),
        'type': 'units_changed',
      }),
    ]),
    'sensor.statistics_issues_issue_4': list([
      dict({
        'data': dict({
          'statistic_id': 'sensor.statistics_issues_issue_4',
        }),
        'type': 'no_state',
      }),
    ]),
    'sensor.statistics_issues_issue_5': list([
      dict({
        'data': dict({
          'metadata_mean_type': 1,
          'state_mean_type': 2,
          'statistic_id': 'sensor.statistics_issues_issue_5',
        }),
        'type': 'mean_type_changed',
      }),
    ]),
  })
# ---
