# serializer version: 1
# name: test_get_config_entry_diagnostics
  dict({
    'config_entry': dict({
      'data': dict({
        'api_token': '**REDACTED**',
        'url': 'https://127.0.0.1:9000/',
        'verify_ssl': True,
      }),
      'disabled_by': None,
      'discovery_keys': dict({
      }),
      'domain': 'portainer',
      'entry_id': 'portainer_test_entry_123',
      'minor_version': 1,
      'options': dict({
      }),
      'pref_disable_new_entities': False,
      'pref_disable_polling': False,
      'source': 'user',
      'subentries': list([
      ]),
      'title': 'Portainer test',
      'unique_id': 'test_api_token',
      'version': 2,
    }),
    'coordinator': dict({
      'endpoints': list([
        dict({
          'containers': list([
            dict({
              'id': 'aa86eacfb3b3ed4cd362c1e88fc89a53908ad05fb3a4103bca3f9b28292d14bf',
              'image': 'docker.io/library/ubuntu:latest',
              'names': list([
                '/funny_chatelet',
              ]),
              'state': 'running',
              'status': 'Up 4 days',
            }),
            dict({
              'id': 'bb97facfb3b3ed4cd362c1e88fc89a53908ad05fb3a4103bca3f9b28292d14bf',
              'image': 'docker.io/library/nginx:latest',
              'names': list([
                '/serene_banach',
              ]),
              'state': 'running',
              'status': 'Up 2 days',
            }),
            dict({
              'id': 'cc08facfb3b3ed4cd362c1e88fc89a53908ad05fb3a4103bca3f9b28292d14bf',
              'image': 'docker.io/library/postgres:15',
              'names': list([
                '/stoic_turing',
              ]),
              'state': 'running',
              'status': 'Up 1 day',
            }),
            dict({
              'id': 'dd19facfb3b3ed4cd362c1e88fc89a53908ad05fb3a4103bca3f9b28292d14bf',
              'image': 'docker.io/library/redis:7',
              'names': list([
                '/focused_einstein',
              ]),
              'state': 'running',
              'status': 'Up 12 hours',
            }),
            dict({
              'id': 'ee20facfb3b3ed4cd362c1e88fc89a53908ad05fb3a4103bca3f9b28292d14bf',
              'image': 'docker.io/library/python:3.13-slim',
              'names': list([
                '/practical_morse',
              ]),
              'state': 'running',
              'status': 'Up 6 hours',
            }),
          ]),
          'endpoint': dict({
            'public_url': 'docker.mydomain.tld:2375',
            'status': 1,
            'url': 'docker.mydomain.tld:2375',
          }),
          'id': 1,
          'name': 'my-environment',
        }),
      ]),
    }),
  })
# ---
