# serializer version: 1
# name: test_entities[scene.scene-entry]
  EntityRegistryEntrySnapshot({
    'aliases': set({
    }),
    'area_id': None,
    'capabilities': None,
    'config_entry_id': <ANY>,
    'config_subentry_id': <ANY>,
    'device_class': None,
    'device_id': <ANY>,
    'disabled_by': None,
    'domain': 'scene',
    'entity_category': None,
    'entity_id': 'scene.scene',
    'has_entity_name': True,
    'hidden_by': None,
    'icon': None,
    'id': <ANY>,
    'labels': set({
    }),
    'name': None,
    'options': dict({
    }),
    'original_device_class': None,
    'original_icon': None,
    'original_name': None,
    'platform': 'niko_home_control',
    'previous_unique_id': None,
    'suggested_object_id': None,
    'supported_features': 0,
    'translation_key': None,
    'unique_id': '01JFN93M7KRA38V5AMPCJ2JYYV-4',
    'unit_of_measurement': None,
  })
# ---
# name: test_entities[scene.scene-state]
  StateSnapshot({
    'attributes': ReadOnlyDict({
      'friendly_name': 'scene',
    }),
    'context': <ANY>,
    'entity_id': 'scene.scene',
    'last_changed': <ANY>,
    'last_reported': <ANY>,
    'last_updated': <ANY>,
    'state': '2025-10-10T21:00:00+00:00',
  })
# ---
