# serializer version: 1
# name: test_media_player_with_and_without_sources[media_player.living_room-entry]
  EntityRegistryEntrySnapshot({
    'aliases': set({
    }),
    'area_id': None,
    'capabilities': dict({
      'source_list': list([
        'TV',
      ]),
    }),
    'config_entry_id': <ANY>,
    'config_subentry_id': <ANY>,
    'device_class': None,
    'device_id': <ANY>,
    'disabled_by': None,
    'domain': 'media_player',
    'entity_category': None,
    'entity_id': 'media_player.living_room',
    'has_entity_name': True,
    'hidden_by': None,
    'icon': None,
    'id': <ANY>,
    'labels': set({
    }),
    'name': None,
    'options': dict({
    }),
    'original_device_class': <MediaPlayerDeviceClass.TV: 'tv'>,
    'original_icon': None,
    'original_name': None,
    'platform': 'control4',
    'previous_unique_id': None,
    'suggested_object_id': None,
    'supported_features': <MediaPlayerEntityFeature: 23821>,
    'translation_key': None,
    'unique_id': '1',
    'unit_of_measurement': None,
  })
# ---
# name: test_media_player_with_and_without_sources[media_player.living_room-state]
  StateSnapshot({
    'attributes': ReadOnlyDict({
      'device_class': 'tv',
      'friendly_name': 'Living Room',
      'is_volume_muted': False,
      'source_list': list([
        'TV',
      ]),
      'supported_features': <MediaPlayerEntityFeature: 23821>,
      'volume_level': 0.5,
    }),
    'context': <ANY>,
    'entity_id': 'media_player.living_room',
    'last_changed': <ANY>,
    'last_reported': <ANY>,
    'last_updated': <ANY>,
    'state': 'on',
  })
# ---
