# serializer version: 1
# name: test_sensors
  list([
    StateSnapshot({
      'attributes': ReadOnlyDict({
        'device_class': 'duration',
        'friendly_name': 'Roborock S7 2 Main brush time left',
        'unit_of_measurement': <UnitOfTime.HOURS: 'h'>,
      }),
      'context': <ANY>,
      'entity_id': 'sensor.roborock_s7_maxv_main_brush_time_left',
      'last_changed': <ANY>,
      'last_reported': <ANY>,
      'last_updated': <ANY>,
      'state': '279.338333333333',
    }),
    StateSnapshot({
      'attributes': ReadOnlyDict({
        'device_class': 'duration',
        'friendly_name': 'Roborock S7 2 Side brush time left',
        'unit_of_measurement': <UnitOfTime.HOURS: 'h'>,
      }),
      'context': <ANY>,
      'entity_id': 'sensor.roborock_s7_maxv_side_brush_time_left',
      'last_changed': <ANY>,
      'last_reported': <ANY>,
      'last_updated': <ANY>,
      'state': '179.338333333333',
    }),
    StateSnapshot({
      'attributes': ReadOnlyDict({
        'device_class': 'duration',
        'friendly_name': 'Roborock S7 2 Filter time left',
        'unit_of_measurement': <UnitOfTime.HOURS: 'h'>,
      }),
      'context': <ANY>,
      'entity_id': 'sensor.roborock_s7_maxv_filter_time_left',
      'last_changed': <ANY>,
      'last_reported': <ANY>,
      'last_updated': <ANY>,
      'state': '129.338333333333',
    }),
    StateSnapshot({
      'attributes': ReadOnlyDict({
        'device_class': 'duration',
        'friendly_name': 'Roborock S7 MaxV Dock Maintenance brush time left',
        'unit_of_measurement': <UnitOfTime.HOURS: 'h'>,
      }),
      'context': <ANY>,
      'entity_id': 'sensor.roborock_s7_maxv_dock_maintenance_brush_time_left',
      'last_changed': <ANY>,
      'last_reported': <ANY>,
      'last_updated': <ANY>,
      'state': '235',
    }),
    StateSnapshot({
      'attributes': ReadOnlyDict({
        'device_class': 'duration',
        'friendly_name': 'Roborock S7 MaxV Dock Strainer time left',
        'unit_of_measurement': <UnitOfTime.HOURS: 'h'>,
      }),
      'context': <ANY>,
      'entity_id': 'sensor.roborock_s7_maxv_dock_strainer_time_left',
      'last_changed': <ANY>,
      'last_reported': <ANY>,
      'last_updated': <ANY>,
      'state': '85',
    }),
    StateSnapshot({
      'attributes': ReadOnlyDict({
        'device_class': 'duration',
        'friendly_name': 'Roborock S7 2 Sensor time left',
        'unit_of_measurement': <UnitOfTime.HOURS: 'h'>,
      }),
      'context': <ANY>,
      'entity_id': 'sensor.roborock_s7_maxv_sensor_time_left',
      'last_changed': <ANY>,
      'last_reported': <ANY>,
      'last_updated': <ANY>,
      'state': '9.33833333333333',
    }),
    StateSnapshot({
      'attributes': ReadOnlyDict({
        'device_class': 'duration',
        'friendly_name': 'Roborock S7 2 Cleaning time',
        'unit_of_measurement': <UnitOfTime.MINUTES: 'min'>,
      }),
      'context': <ANY>,
      'entity_id': 'sensor.roborock_s7_maxv_cleaning_time',
      'last_changed': <ANY>,
      'last_reported': <ANY>,
      'last_updated': <ANY>,
      'state': '19.6',
    }),
    StateSnapshot({
      'attributes': ReadOnlyDict({
        'device_class': 'duration',
        'friendly_name': 'Roborock S7 2 Total cleaning time',
        'unit_of_measurement': <UnitOfTime.HOURS: 'h'>,
      }),
      'context': <ANY>,
      'entity_id': 'sensor.roborock_s7_maxv_total_cleaning_time',
      'last_changed': <ANY>,
      'last_reported': <ANY>,
      'last_updated': <ANY>,
      'state': '20.6616666666667',
    }),
    StateSnapshot({
      'attributes': ReadOnlyDict({
        'friendly_name': 'Roborock S7 2 Total cleaning count',
        'state_class': <SensorStateClass.TOTAL_INCREASING: 'total_increasing'>,
      }),
      'context': <ANY>,
      'entity_id': 'sensor.roborock_s7_maxv_total_cleaning_count',
      'last_changed': <ANY>,
      'last_reported': <ANY>,
      'last_updated': <ANY>,
      'state': '31',
    }),
    StateSnapshot({
      'attributes': ReadOnlyDict({
        'device_class': 'enum',
        'friendly_name': 'Roborock S7 2 Status',
        'options': list([
          'unknown',
          'starting',
          'charger_disconnected',
          'idle',
          'remote_control_active',
          'cleaning',
          'returning_home',
          'manual_mode',
          'charging',
          'charging_problem',
          'paused',
          'spot_cleaning',
          'error',
          'shutting_down',
          'updating',
          'docking',
          'going_to_target',
          'zoned_cleaning',
          'segment_cleaning',
          'emptying_the_bin',
          'washing_the_mop',
          'washing_the_mop_2',
          'going_to_wash_the_mop',
          'in_call',
          'mapping',
          'egg_attack',
          'patrol',
          'attaching_the_mop',
          'detaching_the_mop',
          'charging_complete',
          'device_offline',
          'locked',
          'air_drying_stopping',
          'robot_status_mopping',
          'clean_mop_cleaning',
          'clean_mop_mopping',
          'segment_mopping',
          'segment_clean_mop_cleaning',
          'segment_clean_mop_mopping',
          'zoned_mopping',
          'zoned_clean_mop_cleaning',
          'zoned_clean_mop_mopping',
          'back_to_dock_washing_duster',
        ]),
      }),
      'context': <ANY>,
      'entity_id': 'sensor.roborock_s7_maxv_status',
      'last_changed': <ANY>,
      'last_reported': <ANY>,
      'last_updated': <ANY>,
      'state': 'charging',
    }),
    StateSnapshot({
      'attributes': ReadOnlyDict({
        'friendly_name': 'Roborock S7 2 Cleaning area',
        'unit_of_measurement': <UnitOfArea.SQUARE_METERS: 'm²'>,
      }),
      'context': <ANY>,
      'entity_id': 'sensor.roborock_s7_maxv_cleaning_area',
      'last_changed': <ANY>,
      'last_reported': <ANY>,
      'last_updated': <ANY>,
      'state': '21.0',
    }),
    StateSnapshot({
      'attributes': ReadOnlyDict({
        'friendly_name': 'Roborock S7 2 Total cleaning area',
        'unit_of_measurement': <UnitOfArea.SQUARE_METERS: 'm²'>,
      }),
      'context': <ANY>,
      'entity_id': 'sensor.roborock_s7_maxv_total_cleaning_area',
      'last_changed': <ANY>,
      'last_reported': <ANY>,
      'last_updated': <ANY>,
      'state': '1159.2',
    }),
    StateSnapshot({
      'attributes': ReadOnlyDict({
        'device_class': 'enum',
        'friendly_name': 'Roborock S7 2 Vacuum error',
        'options': list([
          'none',
          'lidar_blocked',
          'bumper_stuck',
          'wheels_suspended',
          'cliff_sensor_error',
          'main_brush_jammed',
          'side_brush_jammed',
          'wheels_jammed',
          'robot_trapped',
          'no_dustbin',
          'strainer_error',
          'compass_error',
          'low_battery',
          'charging_error',
          'battery_error',
          'wall_sensor_dirty',
          'robot_tilted',
          'side_brush_error',
          'fan_error',
          'dock',
          'optical_flow_sensor_dirt',
          'vertical_bumper_pressed',
          'dock_locator_error',
          'return_to_dock_fail',
          'nogo_zone_detected',
          'visual_sensor',
          'light_touch',
          'vibrarise_jammed',
          'robot_on_carpet',
          'filter_blocked',
          'invisible_wall_detected',
          'cannot_cross_carpet',
          'internal_error',
          'collect_dust_error_3',
          'collect_dust_error_4',
          'mopping_roller_1',
          'mopping_roller_error_2',
          'clear_water_box_hoare',
          'dirty_water_box_hoare',
          'sink_strainer_hoare',
          'clear_water_box_exception',
          'clear_brush_exception',
          'clear_brush_exception_2',
          'filter_screen_exception',
          'mopping_roller_2',
          'up_water_exception',
          'drain_water_exception',
          'temperature_protection',
          'clean_carousel_exception',
          'clean_carousel_water_full',
          'water_carriage_drop',
          'check_clean_carouse',
          'audio_error',
        ]),
      }),
      'context': <ANY>,
      'entity_id': 'sensor.roborock_s7_maxv_vacuum_error',
      'last_changed': <ANY>,
      'last_reported': <ANY>,
      'last_updated': <ANY>,
      'state': 'none',
    }),
    StateSnapshot({
      'attributes': ReadOnlyDict({
        'device_class': 'battery',
        'friendly_name': 'Roborock S7 2 Battery',
        'unit_of_measurement': '%',
      }),
      'context': <ANY>,
      'entity_id': 'sensor.roborock_s7_maxv_battery',
      'last_changed': <ANY>,
      'last_reported': <ANY>,
      'last_updated': <ANY>,
      'state': '100',
    }),
    StateSnapshot({
      'attributes': ReadOnlyDict({
        'device_class': 'timestamp',
        'friendly_name': 'Roborock S7 2 Last clean begin',
      }),
      'context': <ANY>,
      'entity_id': 'sensor.roborock_s7_maxv_last_clean_begin',
      'last_changed': <ANY>,
      'last_reported': <ANY>,
      'last_updated': <ANY>,
      'state': '2023-01-01T03:22:10+00:00',
    }),
    StateSnapshot({
      'attributes': ReadOnlyDict({
        'device_class': 'timestamp',
        'friendly_name': 'Roborock S7 2 Last clean end',
      }),
      'context': <ANY>,
      'entity_id': 'sensor.roborock_s7_maxv_last_clean_end',
      'last_changed': <ANY>,
      'last_reported': <ANY>,
      'last_updated': <ANY>,
      'state': '2023-01-01T03:43:58+00:00',
    }),
    StateSnapshot({
      'attributes': ReadOnlyDict({
        'device_class': 'enum',
        'friendly_name': 'Roborock S7 MaxV Dock Dock error',
        'options': list([
          'ok',
          'duct_blockage',
          'water_empty',
          'waste_water_tank_full',
          'maintenance_brush_jammed',
          'dirty_tank_latch_open',
          'no_dustbin',
          'cleaning_tank_full_or_blocked',
        ]),
      }),
      'context': <ANY>,
      'entity_id': 'sensor.roborock_s7_maxv_dock_dock_error',
      'last_changed': <ANY>,
      'last_reported': <ANY>,
      'last_updated': <ANY>,
      'state': 'ok',
    }),
    StateSnapshot({
      'attributes': ReadOnlyDict({
        'device_class': 'duration',
        'friendly_name': 'Roborock S7 2 Main brush time left',
        'unit_of_measurement': <UnitOfTime.HOURS: 'h'>,
      }),
      'context': <ANY>,
      'entity_id': 'sensor.roborock_s7_2_main_brush_time_left',
      'last_changed': <ANY>,
      'last_reported': <ANY>,
      'last_updated': <ANY>,
      'state': '279.338333333333',
    }),
    StateSnapshot({
      'attributes': ReadOnlyDict({
        'device_class': 'duration',
        'friendly_name': 'Roborock S7 2 Side brush time left',
        'unit_of_measurement': <UnitOfTime.HOURS: 'h'>,
      }),
      'context': <ANY>,
      'entity_id': 'sensor.roborock_s7_2_side_brush_time_left',
      'last_changed': <ANY>,
      'last_reported': <ANY>,
      'last_updated': <ANY>,
      'state': '179.338333333333',
    }),
    StateSnapshot({
      'attributes': ReadOnlyDict({
        'device_class': 'duration',
        'friendly_name': 'Roborock S7 2 Filter time left',
        'unit_of_measurement': <UnitOfTime.HOURS: 'h'>,
      }),
      'context': <ANY>,
      'entity_id': 'sensor.roborock_s7_2_filter_time_left',
      'last_changed': <ANY>,
      'last_reported': <ANY>,
      'last_updated': <ANY>,
      'state': '129.338333333333',
    }),
    StateSnapshot({
      'attributes': ReadOnlyDict({
        'device_class': 'duration',
        'friendly_name': 'Roborock S7 2 Dock Maintenance brush time left',
        'unit_of_measurement': <UnitOfTime.HOURS: 'h'>,
      }),
      'context': <ANY>,
      'entity_id': 'sensor.roborock_s7_2_dock_maintenance_brush_time_left',
      'last_changed': <ANY>,
      'last_reported': <ANY>,
      'last_updated': <ANY>,
      'state': '235',
    }),
    StateSnapshot({
      'attributes': ReadOnlyDict({
        'device_class': 'duration',
        'friendly_name': 'Roborock S7 2 Dock Strainer time left',
        'unit_of_measurement': <UnitOfTime.HOURS: 'h'>,
      }),
      'context': <ANY>,
      'entity_id': 'sensor.roborock_s7_2_dock_strainer_time_left',
      'last_changed': <ANY>,
      'last_reported': <ANY>,
      'last_updated': <ANY>,
      'state': '85',
    }),
    StateSnapshot({
      'attributes': ReadOnlyDict({
        'device_class': 'duration',
        'friendly_name': 'Roborock S7 2 Sensor time left',
        'unit_of_measurement': <UnitOfTime.HOURS: 'h'>,
      }),
      'context': <ANY>,
      'entity_id': 'sensor.roborock_s7_2_sensor_time_left',
      'last_changed': <ANY>,
      'last_reported': <ANY>,
      'last_updated': <ANY>,
      'state': '9.33833333333333',
    }),
    StateSnapshot({
      'attributes': ReadOnlyDict({
        'device_class': 'duration',
        'friendly_name': 'Roborock S7 2 Cleaning time',
        'unit_of_measurement': <UnitOfTime.MINUTES: 'min'>,
      }),
      'context': <ANY>,
      'entity_id': 'sensor.roborock_s7_2_cleaning_time',
      'last_changed': <ANY>,
      'last_reported': <ANY>,
      'last_updated': <ANY>,
      'state': '19.6',
    }),
    StateSnapshot({
      'attributes': ReadOnlyDict({
        'device_class': 'duration',
        'friendly_name': 'Roborock S7 2 Total cleaning time',
        'unit_of_measurement': <UnitOfTime.HOURS: 'h'>,
      }),
      'context': <ANY>,
      'entity_id': 'sensor.roborock_s7_2_total_cleaning_time',
      'last_changed': <ANY>,
      'last_reported': <ANY>,
      'last_updated': <ANY>,
      'state': '20.6616666666667',
    }),
    StateSnapshot({
      'attributes': ReadOnlyDict({
        'friendly_name': 'Roborock S7 2 Total cleaning count',
        'state_class': <SensorStateClass.TOTAL_INCREASING: 'total_increasing'>,
      }),
      'context': <ANY>,
      'entity_id': 'sensor.roborock_s7_2_total_cleaning_count',
      'last_changed': <ANY>,
      'last_reported': <ANY>,
      'last_updated': <ANY>,
      'state': '31',
    }),
    StateSnapshot({
      'attributes': ReadOnlyDict({
        'device_class': 'enum',
        'friendly_name': 'Roborock S7 2 Status',
        'options': list([
          'unknown',
          'starting',
          'charger_disconnected',
          'idle',
          'remote_control_active',
          'cleaning',
          'returning_home',
          'manual_mode',
          'charging',
          'charging_problem',
          'paused',
          'spot_cleaning',
          'error',
          'shutting_down',
          'updating',
          'docking',
          'going_to_target',
          'zoned_cleaning',
          'segment_cleaning',
          'emptying_the_bin',
          'washing_the_mop',
          'washing_the_mop_2',
          'going_to_wash_the_mop',
          'in_call',
          'mapping',
          'egg_attack',
          'patrol',
          'attaching_the_mop',
          'detaching_the_mop',
          'charging_complete',
          'device_offline',
          'locked',
          'air_drying_stopping',
          'robot_status_mopping',
          'clean_mop_cleaning',
          'clean_mop_mopping',
          'segment_mopping',
          'segment_clean_mop_cleaning',
          'segment_clean_mop_mopping',
          'zoned_mopping',
          'zoned_clean_mop_cleaning',
          'zoned_clean_mop_mopping',
          'back_to_dock_washing_duster',
        ]),
      }),
      'context': <ANY>,
      'entity_id': 'sensor.roborock_s7_2_status',
      'last_changed': <ANY>,
      'last_reported': <ANY>,
      'last_updated': <ANY>,
      'state': 'charging',
    }),
    StateSnapshot({
      'attributes': ReadOnlyDict({
        'friendly_name': 'Roborock S7 2 Cleaning area',
        'unit_of_measurement': <UnitOfArea.SQUARE_METERS: 'm²'>,
      }),
      'context': <ANY>,
      'entity_id': 'sensor.roborock_s7_2_cleaning_area',
      'last_changed': <ANY>,
      'last_reported': <ANY>,
      'last_updated': <ANY>,
      'state': '21.0',
    }),
    StateSnapshot({
      'attributes': ReadOnlyDict({
        'friendly_name': 'Roborock S7 2 Total cleaning area',
        'unit_of_measurement': <UnitOfArea.SQUARE_METERS: 'm²'>,
      }),
      'context': <ANY>,
      'entity_id': 'sensor.roborock_s7_2_total_cleaning_area',
      'last_changed': <ANY>,
      'last_reported': <ANY>,
      'last_updated': <ANY>,
      'state': '1159.2',
    }),
    StateSnapshot({
      'attributes': ReadOnlyDict({
        'device_class': 'enum',
        'friendly_name': 'Roborock S7 2 Vacuum error',
        'options': list([
          'none',
          'lidar_blocked',
          'bumper_stuck',
          'wheels_suspended',
          'cliff_sensor_error',
          'main_brush_jammed',
          'side_brush_jammed',
          'wheels_jammed',
          'robot_trapped',
          'no_dustbin',
          'strainer_error',
          'compass_error',
          'low_battery',
          'charging_error',
          'battery_error',
          'wall_sensor_dirty',
          'robot_tilted',
          'side_brush_error',
          'fan_error',
          'dock',
          'optical_flow_sensor_dirt',
          'vertical_bumper_pressed',
          'dock_locator_error',
          'return_to_dock_fail',
          'nogo_zone_detected',
          'visual_sensor',
          'light_touch',
          'vibrarise_jammed',
          'robot_on_carpet',
          'filter_blocked',
          'invisible_wall_detected',
          'cannot_cross_carpet',
          'internal_error',
          'collect_dust_error_3',
          'collect_dust_error_4',
          'mopping_roller_1',
          'mopping_roller_error_2',
          'clear_water_box_hoare',
          'dirty_water_box_hoare',
          'sink_strainer_hoare',
          'clear_water_box_exception',
          'clear_brush_exception',
          'clear_brush_exception_2',
          'filter_screen_exception',
          'mopping_roller_2',
          'up_water_exception',
          'drain_water_exception',
          'temperature_protection',
          'clean_carousel_exception',
          'clean_carousel_water_full',
          'water_carriage_drop',
          'check_clean_carouse',
          'audio_error',
        ]),
      }),
      'context': <ANY>,
      'entity_id': 'sensor.roborock_s7_2_vacuum_error',
      'last_changed': <ANY>,
      'last_reported': <ANY>,
      'last_updated': <ANY>,
      'state': 'none',
    }),
    StateSnapshot({
      'attributes': ReadOnlyDict({
        'device_class': 'battery',
        'friendly_name': 'Roborock S7 2 Battery',
        'unit_of_measurement': '%',
      }),
      'context': <ANY>,
      'entity_id': 'sensor.roborock_s7_2_battery',
      'last_changed': <ANY>,
      'last_reported': <ANY>,
      'last_updated': <ANY>,
      'state': '100',
    }),
    StateSnapshot({
      'attributes': ReadOnlyDict({
        'device_class': 'timestamp',
        'friendly_name': 'Roborock S7 2 Last clean begin',
      }),
      'context': <ANY>,
      'entity_id': 'sensor.roborock_s7_2_last_clean_begin',
      'last_changed': <ANY>,
      'last_reported': <ANY>,
      'last_updated': <ANY>,
      'state': '2023-01-01T03:22:10+00:00',
    }),
    StateSnapshot({
      'attributes': ReadOnlyDict({
        'device_class': 'timestamp',
        'friendly_name': 'Roborock S7 2 Last clean end',
      }),
      'context': <ANY>,
      'entity_id': 'sensor.roborock_s7_2_last_clean_end',
      'last_changed': <ANY>,
      'last_reported': <ANY>,
      'last_updated': <ANY>,
      'state': '2023-01-01T03:43:58+00:00',
    }),
    StateSnapshot({
      'attributes': ReadOnlyDict({
        'device_class': 'enum',
        'friendly_name': 'Roborock S7 2 Dock Dock error',
        'options': list([
          'ok',
          'duct_blockage',
          'water_empty',
          'waste_water_tank_full',
          'maintenance_brush_jammed',
          'dirty_tank_latch_open',
          'no_dustbin',
          'cleaning_tank_full_or_blocked',
        ]),
      }),
      'context': <ANY>,
      'entity_id': 'sensor.roborock_s7_2_dock_dock_error',
      'last_changed': <ANY>,
      'last_reported': <ANY>,
      'last_updated': <ANY>,
      'state': 'ok',
    }),
    StateSnapshot({
      'attributes': ReadOnlyDict({
        'device_class': 'enum',
        'friendly_name': 'Roborock S7 2 Current room',
        'options': list([
          'Example room 1',
          'Example room 2',
          'Example room 3',
        ]),
      }),
      'context': <ANY>,
      'entity_id': 'sensor.roborock_s7_maxv_current_room',
      'last_changed': <ANY>,
      'last_reported': <ANY>,
      'last_updated': <ANY>,
      'state': 'Example room 2',
    }),
    StateSnapshot({
      'attributes': ReadOnlyDict({
        'device_class': 'enum',
        'friendly_name': 'Roborock S7 2 Current room',
        'options': list([
          'Example room 1',
          'Example room 2',
          'Example room 3',
        ]),
      }),
      'context': <ANY>,
      'entity_id': 'sensor.roborock_s7_2_current_room',
      'last_changed': <ANY>,
      'last_reported': <ANY>,
      'last_updated': <ANY>,
      'state': 'Example room 2',
    }),
    StateSnapshot({
      'attributes': ReadOnlyDict({
        'device_class': 'enum',
        'friendly_name': 'Dyad Pro Status',
        'options': list([
          'unknown',
          'fetching',
          'fetch_failed',
          'updating',
          'washing',
          'ready',
          'charging',
          'mop_washing',
          'self_clean_cleaning',
          'self_clean_deep_cleaning',
          'self_clean_rinsing',
          'self_clean_dehydrating',
          'drying',
          'ventilating',
          'reserving',
          'mop_washing_paused',
          'dusting_mode',
        ]),
      }),
      'context': <ANY>,
      'entity_id': 'sensor.dyad_pro_status',
      'last_changed': <ANY>,
      'last_reported': <ANY>,
      'last_updated': <ANY>,
      'state': 'drying',
    }),
    StateSnapshot({
      'attributes': ReadOnlyDict({
        'device_class': 'battery',
        'friendly_name': 'Dyad Pro Battery',
        'unit_of_measurement': '%',
      }),
      'context': <ANY>,
      'entity_id': 'sensor.dyad_pro_battery',
      'last_changed': <ANY>,
      'last_reported': <ANY>,
      'last_updated': <ANY>,
      'state': '100',
    }),
    StateSnapshot({
      'attributes': ReadOnlyDict({
        'device_class': 'duration',
        'friendly_name': 'Dyad Pro Filter time left',
        'unit_of_measurement': <UnitOfTime.HOURS: 'h'>,
      }),
      'context': <ANY>,
      'entity_id': 'sensor.dyad_pro_filter_time_left',
      'last_changed': <ANY>,
      'last_reported': <ANY>,
      'last_updated': <ANY>,
      'state': '0.0308333333333333',
    }),
    StateSnapshot({
      'attributes': ReadOnlyDict({
        'device_class': 'duration',
        'friendly_name': 'Dyad Pro Roller left',
        'unit_of_measurement': <UnitOfTime.HOURS: 'h'>,
      }),
      'context': <ANY>,
      'entity_id': 'sensor.dyad_pro_roller_left',
      'last_changed': <ANY>,
      'last_reported': <ANY>,
      'last_updated': <ANY>,
      'state': '0.0616666666666667',
    }),
    StateSnapshot({
      'attributes': ReadOnlyDict({
        'device_class': 'enum',
        'friendly_name': 'Dyad Pro Error',
        'options': list([
          'none',
          'dirty_tank_full',
          'water_level_sensor_stuck',
          'clean_tank_empty',
          'clean_head_entangled',
          'clean_head_too_hot',
          'fan_protection_e5',
          'cleaning_head_blocked',
          'temperature_protection',
          'fan_protection_e4',
          'fan_protection_e9',
          'battery_temperature_protection_e0',
          'battery_temperature_protection',
          'battery_temperature_protection_2',
          'power_adapter_error',
          'dirty_charging_contacts',
          'low_battery',
          'battery_under_10',
        ]),
      }),
      'context': <ANY>,
      'entity_id': 'sensor.dyad_pro_error',
      'last_changed': <ANY>,
      'last_reported': <ANY>,
      'last_updated': <ANY>,
      'state': 'none',
    }),
    StateSnapshot({
      'attributes': ReadOnlyDict({
        'device_class': 'duration',
        'friendly_name': 'Dyad Pro Total cleaning time',
        'unit_of_measurement': <UnitOfTime.HOURS: 'h'>,
      }),
      'context': <ANY>,
      'entity_id': 'sensor.dyad_pro_total_cleaning_time',
      'last_changed': <ANY>,
      'last_reported': <ANY>,
      'last_updated': <ANY>,
      'state': '3.55',
    }),
    StateSnapshot({
      'attributes': ReadOnlyDict({
        'device_class': 'enum',
        'friendly_name': 'Zeo One State',
        'options': list([
          'standby',
          'weighing',
          'soaking',
          'washing',
          'rinsing',
          'spinning',
          'drying',
          'cooling',
          'under_delay_start',
          'done',
        ]),
      }),
      'context': <ANY>,
      'entity_id': 'sensor.zeo_one_state',
      'last_changed': <ANY>,
      'last_reported': <ANY>,
      'last_updated': <ANY>,
      'state': 'drying',
    }),
    StateSnapshot({
      'attributes': ReadOnlyDict({
        'device_class': 'duration',
        'friendly_name': 'Zeo One Countdown',
        'unit_of_measurement': <UnitOfTime.MINUTES: 'min'>,
      }),
      'context': <ANY>,
      'entity_id': 'sensor.zeo_one_countdown',
      'last_changed': <ANY>,
      'last_reported': <ANY>,
      'last_updated': <ANY>,
      'state': '0',
    }),
    StateSnapshot({
      'attributes': ReadOnlyDict({
        'device_class': 'duration',
        'friendly_name': 'Zeo One Washing left',
        'unit_of_measurement': <UnitOfTime.MINUTES: 'min'>,
      }),
      'context': <ANY>,
      'entity_id': 'sensor.zeo_one_washing_left',
      'last_changed': <ANY>,
      'last_reported': <ANY>,
      'last_updated': <ANY>,
      'state': '253',
    }),
    StateSnapshot({
      'attributes': ReadOnlyDict({
        'device_class': 'enum',
        'friendly_name': 'Zeo One Error',
        'options': list([
          'none',
          'refill_error',
          'drain_error',
          'door_lock_error',
          'water_level_error',
          'inverter_error',
          'heating_error',
          'temperature_error',
          'communication_error',
          'drying_error',
          'drying_error_e_12',
          'drying_error_e_13',
          'drying_error_e_14',
          'drying_error_e_15',
          'drying_error_e_16',
          'drying_error_water_flow',
          'drying_error_restart',
          'spin_error',
        ]),
      }),
      'context': <ANY>,
      'entity_id': 'sensor.zeo_one_error',
      'last_changed': <ANY>,
      'last_reported': <ANY>,
      'last_updated': <ANY>,
      'state': 'none',
    }),
  ])
# ---
