# serializer version: 1
# name: test_number[number.home_assistant_test_max_screentime_today-entry]
  EntityRegistryEntrySnapshot({
    'aliases': set({
    }),
    'area_id': None,
    'capabilities': dict({
      'max': 360,
      'min': -1,
      'mode': <NumberMode.BOX: 'box'>,
      'step': 1,
    }),
    'config_entry_id': <ANY>,
    'config_subentry_id': <ANY>,
    'device_class': None,
    'device_id': <ANY>,
    'disabled_by': None,
    'domain': 'number',
    'entity_category': None,
    'entity_id': 'number.home_assistant_test_max_screentime_today',
    'has_entity_name': True,
    'hidden_by': None,
    'icon': None,
    'id': <ANY>,
    'labels': set({
    }),
    'name': None,
    'options': dict({
    }),
    'original_device_class': None,
    'original_icon': None,
    'original_name': 'Max screentime today',
    'platform': 'nintendo_parental_controls',
    'previous_unique_id': None,
    'suggested_object_id': None,
    'supported_features': 0,
    'translation_key': <NintendoParentalNumber.TODAY_MAX_SCREENTIME: 'today_max_screentime'>,
    'unique_id': 'testdevid_today_max_screentime',
    'unit_of_measurement': <UnitOfTime.MINUTES: 'min'>,
  })
# ---
# name: test_number[number.home_assistant_test_max_screentime_today-state]
  StateSnapshot({
    'attributes': ReadOnlyDict({
      'friendly_name': 'Home Assistant Test Max screentime today',
      'max': 360,
      'min': -1,
      'mode': <NumberMode.BOX: 'box'>,
      'step': 1,
      'unit_of_measurement': <UnitOfTime.MINUTES: 'min'>,
    }),
    'context': <ANY>,
    'entity_id': 'number.home_assistant_test_max_screentime_today',
    'last_changed': <ANY>,
    'last_reported': <ANY>,
    'last_updated': <ANY>,
    'state': '120',
  })
# ---
