# serializer version: 1
# name: test_switch[switch.home_assistant_test_suspend_software-entry]
  EntityRegistryEntrySnapshot({
    'aliases': set({
    }),
    'area_id': None,
    'capabilities': None,
    'config_entry_id': <ANY>,
    'config_subentry_id': <ANY>,
    'device_class': None,
    'device_id': <ANY>,
    'disabled_by': None,
    'domain': 'switch',
    'entity_category': None,
    'entity_id': 'switch.home_assistant_test_suspend_software',
    'has_entity_name': True,
    'hidden_by': None,
    'icon': None,
    'id': <ANY>,
    'labels': set({
    }),
    'name': None,
    'options': dict({
    }),
    'original_device_class': <SwitchDeviceClass.SWITCH: 'switch'>,
    'original_icon': None,
    'original_name': 'Suspend software',
    'platform': 'nintendo_parental_controls',
    'previous_unique_id': None,
    'suggested_object_id': None,
    'supported_features': 0,
    'translation_key': <NintendoParentalSwitch.SUSPEND_SOFTWARE: 'suspend_software'>,
    'unique_id': 'testdevid_suspend_software',
    'unit_of_measurement': None,
  })
# ---
# name: test_switch[switch.home_assistant_test_suspend_software-state]
  StateSnapshot({
    'attributes': ReadOnlyDict({
      'device_class': 'switch',
      'friendly_name': 'Home Assistant Test Suspend software',
    }),
    'context': <ANY>,
    'entity_id': 'switch.home_assistant_test_suspend_software',
    'last_changed': <ANY>,
    'last_reported': <ANY>,
    'last_updated': <ANY>,
    'state': 'on',
  })
# ---
