# serializer version: 1
# name: test_get_sheet
  dict({
    'range': list([
      list([
        'a',
        'b',
      ]),
      list([
        'c',
        'd',
      ]),
    ]),
  })
# ---
